---
source: crates/rolldown_testing/src/integration_test.rs
snapshot_kind: text
---
# Assets

## entry.js

```js
import fs from "node:fs/promises";
import "node:what-is-this";

//#region entry.js
fs.readFile();

//#endregion
```
