---
source: crates/rolldown_testing/src/integration_test.rs
snapshot_kind: text
---
# Assets

## main.js

```js
import __nodeModule from 'node:module';
var require = __nodeModule.createRequire(import.meta.url);



//#region main.js
__require("fs");

//#endregion
```
