---
source: crates/rolldown_testing/src/integration_test.rs
snapshot_kind: text
---
# Assets

## main.js

```js

__rolldown_runtime.modules({

"main.js": function(__rolldown_runtime) {
//#region main.js
__rolldown_runtime.__toCommonJS(__rolldown_runtime.exports);
__rolldown_runtime.__export(__rolldown_runtime.exports, {
	foo: () => foo,
	bar: () => foo,
	["some exports"]: () => foo,
	fn: () => fn,
	A: () => A,
	abc: () => abc
});
const foo = 1;
function fn() {};
class A {};
const abc = 1;

//#endregion
},

});

```
