---
source: crates/rolldown_testing/src/integration_test.rs
snapshot_kind: text
---
# Assets

## main.js

```js

__rolldown_runtime.modules({

"main.js": function(__rolldown_runtime) {
//#region main.js
__rolldown_runtime.__toCommonJS(__rolldown_runtime.exports);
__rolldown_runtime.__export(__rolldown_runtime.exports, {
	foo: () => external.foo,
	["bar2"]: () => external["bar"],
	["abc"]: () => external["abc"],
	["ddd2"]: () => external.ddd
});
var external = __rolldown_runtime.require("external");

//#endregion
},

});

```
