---
source: crates/string_wizard/tests/magic_string_replace.rs
expression: visualizer.into_visualizer_text()
snapshot_kind: text
---
- 测 2 测 4
(0:0-0:1) "测" --> (0:0-0:1) "试"
(0:1-0:4) " 2 " --> (0:1-0:4) " 2 "
(0:4-0:5) "测" --> (0:4-0:5) "试"
(0:5-0:7) " 4" --> (0:5-0:7) " 4"
